// Jest Snapshot v1, https://goo.gl/fbAQLP

exports[`Footer renders correctly 1`] = `
<div>
  <div
    class="footer"
    role="contentinfo"
  >
    <div
      class="container"
    >
      <nav
        class="navigation"
        role="navigation"
      >
        <ul
          class="navigation-list"
        >
          <li
            class="navigation-list-item"
            data-active="true"
          >
            <div
              class="navigation-list-item-icon"
            />
            <div
              class="navigation-list-item-link"
            >
              Home
            </div>
          </li>
        </ul>
      </nav>
    </div>
  </div>
</div>
`;
