// Jest Snapshot v1, https://goo.gl/fbAQLP

exports[`Loader renders correctly 1`] = `
<div>
  <div
    class="loader undefined"
    data-testid="loader"
  >
    <div
      aria-busy="true"
      class=""
    >
      <div
        class="react-spinner-loader-svg"
      >
        <svg
          aria-label="audio-loading"
          height="60"
          id="triangle"
          viewBox="-3 -4 39 39"
          width="60"
        >
          <polygon
            fill="transparent"
            points="16,0 32,32 0,32"
            stroke="var(--primary)"
            stroke-width="1"
          />
        </svg>
      </div>
    </div>
  </div>
</div>
`;
